\BOOKMARK [0][-]{chapter*.1}{\376\377\000G\000e\000n\000e\000r\000a\000l\000\040\000p\000r\000e\000s\000e\000n\000t\000a\000t\000i\000o\000n}{}% 1
\BOOKMARK [0][-]{chapter.1}{\376\377\000G\000l\000o\000b\000a\000l\000\040\000c\000o\000n\000t\000e\000x\000t}{}% 2
\BOOKMARK [1][-]{section.1.1}{\376\377\000I\000n\000t\000r\000o\000d\000u\000c\000t\000i\000o\000n}{chapter.1}% 3
\BOOKMARK [1][-]{section.1.2}{\376\377\000P\000r\000o\000j\000e\000c\000t\000\040\000w\000o\000r\000k\000s\000p\000a\000c\000e}{chapter.1}% 4
\BOOKMARK [2][-]{subsection.1.2.1}{\376\377\000H\000o\000s\000t\000\040\000i\000n\000s\000t\000i\000t\000u\000t\000i\000o\000n}{section.1.2}% 5
\BOOKMARK [2][-]{subsection.1.2.2}{\376\377\000T\000h\000e\000\040\000P\000e\000r\000T\000r\000a\000c\000k\000\040\000p\000l\000a\000t\000f\000o\000r\000m}{section.1.2}% 6
\BOOKMARK [2][-]{subsection.1.2.3}{\376\377\000P\000e\000r\000T\000r\000a\000c\000k\000'\000s\000\040\000a\000u\000d\000i\000e\000n\000c\000e}{section.1.2}% 7
\BOOKMARK [2][-]{subsection.1.2.4}{\376\377\000D\000e\000v\000e\000l\000o\000p\000m\000e\000n\000t\000\040\000m\000e\000t\000h\000o\000d\000o\000l\000o\000g\000y}{section.1.2}% 8
\BOOKMARK [1][-]{section.1.3}{\376\377\000U\000s\000e\000d\000\040\000t\000o\000o\000l\000s}{chapter.1}% 9
\BOOKMARK [2][-]{subsection.1.3.1}{\376\377\000G\000i\000t\000H\000u\000b}{section.1.3}% 10
\BOOKMARK [2][-]{subsection.1.3.2}{\376\377\000G\000i\000t\000H\000u\000b\000\040\000P\000r\000o\000j\000e\000c\000t\000s}{section.1.3}% 11
\BOOKMARK [2][-]{subsection.1.3.3}{\376\377\000V\000i\000s\000u\000a\000l\000\040\000S\000t\000u\000d\000i\000o\000\040\000C\000o\000d\000e}{section.1.3}% 12
\BOOKMARK [1][-]{section.1.4}{\376\377\000C\000o\000n\000c\000l\000u\000s\000i\000o\000n}{chapter.1}% 13
\BOOKMARK [0][-]{chapter.2}{\376\377\000P\000r\000o\000j\000e\000c\000t\000\040\000a\000s\000s\000e\000s\000s\000m\000e\000n\000t\000\040\000a\000n\000d\000\040\000p\000l\000a\000n\000n\000i\000n\000g}{}% 14
\BOOKMARK [1][-]{section.2.1}{\376\377\000I\000n\000t\000r\000o\000d\000u\000c\000t\000i\000o\000n}{chapter.2}% 15
\BOOKMARK [1][-]{section.2.2}{\376\377\000D\000e\000s\000c\000r\000i\000p\000t\000i\000o\000n\000\040\000o\000f\000\040\000P\000e\000r\000T\000r\000a\000c\000k}{chapter.2}% 16
\BOOKMARK [1][-]{section.2.3}{\376\377\000P\000r\000o\000b\000l\000e\000m\000\040\000s\000t\000a\000t\000e\000m\000e\000n\000t\000s}{chapter.2}% 17
\BOOKMARK [1][-]{section.2.4}{\376\377\000A\000v\000a\000i\000l\000a\000b\000l\000e\000\040\000s\000o\000l\000u\000t\000i\000o\000n\000s}{chapter.2}% 18
\BOOKMARK [2][-]{subsection.2.4.1}{\376\377\000W\000o\000r\000k\000d\000a\000y\000\040\000P\000e\000r\000f\000o\000r\000m\000a\000n\000c\000e\000\040\000M\000a\000n\000a\000g\000e\000m\000e\000n\000t}{section.2.4}% 19
\BOOKMARK [2][-]{subsection.2.4.2}{\376\377\000L\000a\000t\000t\000i\000c\000e}{section.2.4}% 20
\BOOKMARK [2][-]{subsection.2.4.3}{\376\377\0001\0005\000F\000i\000v\000e}{section.2.4}% 21
\BOOKMARK [1][-]{section.2.5}{\376\377\000S\000t\000u\000d\000y\000\040\000o\000f\000\040\000t\000h\000e\000\040\000e\000x\000i\000s\000t\000i\000n\000g}{chapter.2}% 22
\BOOKMARK [1][-]{section.2.6}{\376\377\000P\000r\000o\000j\000e\000c\000t\000\040\000s\000c\000h\000e\000d\000u\000l\000i\000n\000g}{chapter.2}% 23
\BOOKMARK [1][-]{section.2.7}{\376\377\000C\000o\000n\000c\000l\000u\000s\000i\000o\000n}{chapter.2}% 24
\BOOKMARK [0][-]{chapter.3}{\376\377\000P\000r\000o\000j\000e\000c\000t\000\040\000i\000n\000i\000t\000i\000a\000t\000i\000o\000n}{}% 25
\BOOKMARK [1][-]{section.3.1}{\376\377\000I\000n\000t\000r\000o\000d\000u\000c\000t\000i\000o\000n}{chapter.3}% 26
\BOOKMARK [1][-]{section.3.2}{\376\377\000R\000e\000q\000u\000i\000r\000e\000m\000e\000n\000t\000s\000\040\000s\000p\000e\000c\000i\000f\000i\000c\000a\000t\000i\000o\000n}{chapter.3}% 27
\BOOKMARK [2][-]{subsection.3.2.1}{\376\377\000U\000s\000e\000r\000s\000\040\000i\000d\000e\000n\000t\000i\000f\000i\000c\000a\000t\000i\000o\000n}{section.3.2}% 28
\BOOKMARK [2][-]{subsection.3.2.2}{\376\377\000F\000u\000n\000c\000t\000i\000o\000n\000a\000l\000\040\000r\000e\000q\000u\000i\000r\000e\000m\000e\000n\000t\000s}{section.3.2}% 29
\BOOKMARK [2][-]{subsection.3.2.3}{\376\377\000N\000o\000n\000-\000f\000u\000n\000c\000t\000i\000o\000n\000a\000l\000\040\000r\000e\000q\000u\000i\000r\000e\000m\000e\000n\000t\000s}{section.3.2}% 30
\BOOKMARK [2][-]{subsection.3.2.4}{\376\377\000B\000a\000c\000k\000l\000o\000g}{section.3.2}% 31
\BOOKMARK [1][-]{section.3.3}{\376\377\000P\000r\000o\000j\000e\000c\000t\000\040\000a\000r\000c\000h\000i\000t\000e\000c\000t\000u\000r\000e}{chapter.3}% 32
\BOOKMARK [2][-]{subsection.3.3.1}{\376\377\000L\000o\000g\000i\000c\000a\000l\000\040\000a\000r\000c\000h\000i\000t\000e\000c\000t\000u\000r\000e}{section.3.3}% 33
\BOOKMARK [2][-]{subsection.3.3.2}{\376\377\000P\000l\000a\000t\000f\000o\000r\000m\000\040\000s\000t\000r\000u\000c\000t\000u\000r\000e}{section.3.3}% 34
\BOOKMARK [2][-]{subsection.3.3.3}{\376\377\000B\000a\000c\000k\000e\000n\000d\000\040\000a\000r\000c\000h\000i\000t\000e\000c\000t\000u\000r\000e}{section.3.3}% 35
\BOOKMARK [2][-]{subsection.3.3.4}{\376\377\000F\000r\000o\000n\000t\000e\000n\000d\000\040\000a\000r\000c\000h\000i\000t\000e\000c\000t\000u\000r\000e}{section.3.3}% 36
\BOOKMARK [2][-]{subsection.3.3.5}{\376\377\000C\000o\000m\000p\000o\000n\000e\000n\000t\000\040\000d\000i\000a\000g\000r\000a\000m}{section.3.3}% 37
\BOOKMARK [2][-]{subsection.3.3.6}{\376\377\000P\000a\000c\000k\000a\000g\000e\000\040\000d\000i\000a\000g\000r\000a\000m}{section.3.3}% 38
\BOOKMARK [2][-]{subsection.3.3.7}{\376\377\000D\000a\000t\000a\000\040\000m\000o\000d\000e\000l\000\040\000\050\000e\000n\000t\000i\000t\000y\000-\000r\000e\000l\000a\000t\000i\000o\000n\000s\000h\000i\000p\000\040\000d\000i\000a\000g\000r\000a\000m\000\051}{section.3.3}% 39
\BOOKMARK [1][-]{section.3.4}{\376\377\000T\000o\000o\000l\000s\000\040\000a\000n\000d\000\040\000t\000e\000c\000h\000n\000o\000l\000o\000g\000i\000e\000s}{chapter.3}% 40
\BOOKMARK [2][-]{subsection.3.4.1}{\376\377\000N\000o\000d\000e\000.\000j\000s}{section.3.4}% 41
\BOOKMARK [2][-]{subsection.3.4.2}{\376\377\000E\000x\000p\000r\000e\000s\000s\000.\000j\000s}{section.3.4}% 42
\BOOKMARK [2][-]{subsection.3.4.3}{\376\377\000M\000o\000n\000g\000o\000D\000B\000\040\000/\000\040\000M\000o\000n\000g\000o\000o\000s\000e}{section.3.4}% 43
\BOOKMARK [2][-]{subsection.3.4.4}{\376\377\000R\000e\000a\000c\000t}{section.3.4}% 44
\BOOKMARK [2][-]{subsection.3.4.5}{\376\377\000V\000i\000t\000e}{section.3.4}% 45
\BOOKMARK [2][-]{subsection.3.4.6}{\376\377\000P\000y\000t\000h\000o\000n\000\040\000/\000\040\000F\000l\000a\000s\000k}{section.3.4}% 46
\BOOKMARK [2][-]{subsection.3.4.7}{\376\377\000D\000o\000c\000k\000e\000r}{section.3.4}% 47
\BOOKMARK [2][-]{subsection.3.4.8}{\376\377\000K\000u\000b\000e\000r\000n\000e\000t\000e\000s}{section.3.4}% 48
\BOOKMARK [2][-]{subsection.3.4.9}{\376\377\000A\000r\000g\000o\000C\000D}{section.3.4}% 49
\BOOKMARK [2][-]{subsection.3.4.10}{\376\377\000P\000o\000s\000t\000m\000a\000n}{section.3.4}% 50
\BOOKMARK [2][-]{subsection.3.4.11}{\376\377\000@\000d\000n\000d\000-\000k\000i\000t}{section.3.4}% 51
\BOOKMARK [1][-]{section.3.5}{\376\377\000C\000o\000n\000c\000l\000u\000s\000i\000o\000n}{chapter.3}% 52
\BOOKMARK [0][-]{chapter.4}{\376\377\000S\000p\000r\000i\000n\000t\000\040\0001\000:\000\040\000E\000n\000t\000i\000t\000y\000\040\000a\000n\000d\000\040\000a\000c\000c\000e\000s\000s\000\040\000m\000a\000n\000a\000g\000e\000m\000e\000n\000t}{}% 53
\BOOKMARK [1][-]{section.4.1}{\376\377\000I\000n\000t\000r\000o\000d\000u\000c\000t\000i\000o\000n}{chapter.4}% 54
\BOOKMARK [1][-]{section.4.2}{\376\377\000F\000u\000n\000c\000t\000i\000o\000n\000a\000l\000i\000t\000y\000\040\000o\000v\000e\000r\000v\000i\000e\000w}{chapter.4}% 55
\BOOKMARK [1][-]{section.4.3}{\376\377\000F\000u\000n\000c\000t\000i\000o\000n\000a\000l\000\040\000s\000p\000e\000c\000i\000f\000i\000c\000a\000t\000i\000o\000n\000s}{chapter.4}% 56
\BOOKMARK [2][-]{subsection.4.3.1}{\376\377\000S\000p\000r\000i\000n\000t\000\040\000b\000a\000c\000k\000l\000o\000g}{section.4.3}% 57
\BOOKMARK [2][-]{subsection.4.3.2}{\376\377\000U\000s\000e\000\040\000c\000a\000s\000e\000\040\000d\000i\000a\000g\000r\000a\000m}{section.4.3}% 58
\BOOKMARK [2][-]{subsection.4.3.3}{\376\377\000S\000e\000q\000u\000e\000n\000c\000e\000\040\000d\000i\000a\000g\000r\000a\000m}{section.4.3}% 59
\BOOKMARK [2][-]{subsection.4.3.4}{\376\377\000C\000l\000a\000s\000s\000/\000e\000n\000t\000i\000t\000y\000\040\000d\000i\000a\000g\000r\000a\000m}{section.4.3}% 60
\BOOKMARK [1][-]{section.4.4}{\376\377\000T\000e\000c\000h\000n\000i\000c\000a\000l\000\040\000s\000p\000e\000c\000i\000f\000i\000c\000a\000t\000i\000o\000n\000s}{chapter.4}% 61
\BOOKMARK [2][-]{subsection.4.4.1}{\376\377\000J\000S\000O\000N\000\040\000W\000e\000b\000\040\000T\000o\000k\000e\000n\000\040\000\050\000a\000c\000c\000e\000s\000s\000\040\000a\000n\000d\000\040\000r\000e\000f\000r\000e\000s\000h\000\051}{section.4.4}% 62
\BOOKMARK [2][-]{subsection.4.4.2}{\376\377\000B\000c\000r\000y\000p\000t}{section.4.4}% 63
\BOOKMARK [2][-]{subsection.4.4.3}{\376\377\000R\000o\000l\000e\000\040\000a\000n\000d\000\040\000o\000w\000n\000e\000r\000s\000h\000i\000p\000\040\000m\000i\000d\000d\000l\000e\000w\000a\000r\000e\000\040\000\050\000R\000B\000A\000C\000\051}{section.4.4}% 64
\BOOKMARK [2][-]{subsection.4.4.4}{\376\377\000A\000u\000d\000i\000t\000\040\000l\000o\000g\000g\000i\000n\000g}{section.4.4}% 65
\BOOKMARK [1][-]{section.4.5}{\376\377\000B\000u\000i\000l\000d\000\040\000p\000h\000a\000s\000e}{chapter.4}% 66
\BOOKMARK [2][-]{subsection.4.5.1}{\376\377\000S\000i\000g\000n\000-\000i\000n\000\040\000a\000n\000d\000\040\000s\000e\000s\000s\000i\000o\000n\000\040\000f\000l\000o\000w}{section.4.5}% 67
\BOOKMARK [2][-]{subsection.4.5.2}{\376\377\000T\000e\000a\000m\000\040\000h\000i\000e\000r\000a\000r\000c\000h\000y\000\040\000m\000a\000n\000a\000g\000e\000m\000e\000n\000t}{section.4.5}% 68
\BOOKMARK [2][-]{subsection.4.5.3}{\376\377\000C\000y\000c\000l\000e\000\040\000c\000r\000e\000a\000t\000i\000o\000n\000\040\000a\000n\000d\000\040\000p\000h\000a\000s\000e\000\040\000c\000o\000n\000f\000i\000g\000u\000r\000a\000t\000i\000o\000n}{section.4.5}% 69
\BOOKMARK [1][-]{section.4.6}{\376\377\000C\000o\000n\000c\000l\000u\000s\000i\000o\000n}{chapter.4}% 70
\BOOKMARK [0][-]{chapter.5}{\376\377\000S\000p\000r\000i\000n\000t\000\040\0002\000:\000\040\000O\000b\000j\000e\000c\000t\000i\000v\000e\000\040\000a\000n\000d\000\040\000c\000y\000c\000l\000e\000\040\000w\000o\000r\000k\000f\000l\000o\000w}{}% 71
\BOOKMARK [1][-]{section.5.1}{\376\377\000I\000n\000t\000r\000o\000d\000u\000c\000t\000i\000o\000n}{chapter.5}% 72
\BOOKMARK [1][-]{section.5.2}{\376\377\000F\000u\000n\000c\000t\000i\000o\000n\000a\000l\000i\000t\000y\000\040\000o\000v\000e\000r\000v\000i\000e\000w}{chapter.5}% 73
\BOOKMARK [1][-]{section.5.3}{\376\377\000F\000u\000n\000c\000t\000i\000o\000n\000a\000l\000\040\000s\000p\000e\000c\000i\000f\000i\000c\000a\000t\000i\000o\000n\000s}{chapter.5}% 74
\BOOKMARK [2][-]{subsection.5.3.1}{\376\377\000S\000p\000r\000i\000n\000t\000\040\000b\000a\000c\000k\000l\000o\000g}{section.5.3}% 75
\BOOKMARK [2][-]{subsection.5.3.2}{\376\377\000U\000s\000e\000\040\000c\000a\000s\000e\000\040\000d\000i\000a\000g\000r\000a\000m}{section.5.3}% 76
\BOOKMARK [2][-]{subsection.5.3.3}{\376\377\000S\000e\000q\000u\000e\000n\000c\000e\000\040\000d\000i\000a\000g\000r\000a\000m}{section.5.3}% 77
\BOOKMARK [2][-]{subsection.5.3.4}{\376\377\000D\000o\000c\000u\000m\000e\000n\000t\000/\000c\000l\000a\000s\000s\000\040\000m\000o\000d\000e\000l\000\040\000d\000i\000a\000g\000r\000a\000m}{section.5.3}% 78
\BOOKMARK [2][-]{subsection.5.3.5}{\376\377\000S\000t\000a\000t\000e\000\040\000m\000a\000c\000h\000i\000n\000e\000\040\000d\000i\000a\000g\000r\000a\000m}{section.5.3}% 79
\BOOKMARK [2][-]{subsection.5.3.6}{\376\377\000A\000c\000t\000i\000v\000i\000t\000y\000\040\000d\000i\000a\000g\000r\000a\000m\000s}{section.5.3}% 80
\BOOKMARK [1][-]{section.5.4}{\376\377\000T\000e\000c\000h\000n\000i\000c\000a\000l\000\040\000s\000p\000e\000c\000i\000f\000i\000c\000a\000t\000i\000o\000n\000s}{chapter.5}% 81
\BOOKMARK [2][-]{subsection.5.4.1}{\376\377\000B\000u\000s\000i\000n\000e\000s\000s\000-\000r\000u\000l\000e\000\040\000m\000o\000d\000u\000l\000e\000s}{section.5.4}% 82
\BOOKMARK [2][-]{subsection.5.4.2}{\376\377\000W\000e\000i\000g\000h\000t\000e\000d\000\040\000s\000c\000o\000r\000e\000\040\000c\000o\000m\000p\000u\000t\000a\000t\000i\000o\000n}{section.5.4}% 83
\BOOKMARK [2][-]{subsection.5.4.3}{\376\377\000V\000i\000s\000i\000b\000i\000l\000i\000t\000y\000\040\000a\000n\000d\000\040\000a\000c\000c\000e\000s\000s\000\040\000c\000o\000n\000t\000r\000o\000l}{section.5.4}% 84
\BOOKMARK [2][-]{subsection.5.4.4}{\376\377\000T\000a\000s\000k\000\040\000b\000o\000a\000r\000d\000\040\000i\000m\000p\000l\000e\000m\000e\000n\000t\000a\000t\000i\000o\000n}{section.5.4}% 85
\BOOKMARK [2][-]{subsection.5.4.5}{\376\377\000C\000o\000r\000r\000e\000c\000t\000i\000o\000n\000\040\000r\000e\000q\000u\000e\000s\000t\000\040\000w\000o\000r\000k\000f\000l\000o\000w}{section.5.4}% 86
\BOOKMARK [2][-]{subsection.5.4.6}{\376\377\000N\000o\000t\000i\000f\000i\000c\000a\000t\000i\000o\000n\000\040\000t\000r\000i\000g\000g\000e\000r\000s\000\040\000a\000n\000d\000\040\000a\000u\000t\000o\000m\000a\000t\000e\000d\000\040\000r\000e\000m\000i\000n\000d\000e\000r\000s}{section.5.4}% 87
\BOOKMARK [1][-]{section.5.5}{\376\377\000B\000u\000i\000l\000d\000\040\000p\000h\000a\000s\000e}{chapter.5}% 88
\BOOKMARK [2][-]{subsection.5.5.1}{\376\377\000O\000b\000j\000e\000c\000t\000i\000v\000e\000\040\000c\000r\000e\000a\000t\000i\000o\000n\000\040\000a\000n\000d\000\040\000K\000P\000I\000\040\000d\000e\000f\000i\000n\000i\000t\000i\000o\000n}{section.5.5}% 89
\BOOKMARK [2][-]{subsection.5.5.2}{\376\377\000A\000p\000p\000r\000o\000v\000a\000l\000\040\000/\000\040\000r\000e\000v\000i\000s\000i\000o\000n\000\040\000w\000o\000r\000k\000f\000l\000o\000w\000\040\000U\000I}{section.5.5}% 90
\BOOKMARK [2][-]{subsection.5.5.3}{\376\377\000C\000h\000e\000c\000k\000-\000i\000n\000\040\000s\000u\000b\000m\000i\000s\000s\000i\000o\000n\000\040\000a\000n\000d\000\040\000p\000r\000o\000g\000r\000e\000s\000s\000\040\000t\000r\000a\000c\000k\000i\000n\000g}{section.5.5}% 91
\BOOKMARK [2][-]{subsection.5.5.4}{\376\377\000K\000a\000n\000b\000a\000n\000\040\000t\000a\000s\000k\000\040\000b\000o\000a\000r\000d\000\040\000a\000n\000d\000\040\000t\000a\000s\000k\000-\000o\000b\000j\000e\000c\000t\000i\000v\000e\000\040\000l\000i\000n\000k\000i\000n\000g}{section.5.5}% 92
\BOOKMARK [2][-]{subsection.5.5.5}{\376\377\000C\000o\000r\000r\000e\000c\000t\000i\000o\000n\000\040\000r\000e\000q\000u\000e\000s\000t\000\040\000s\000u\000b\000m\000i\000s\000s\000i\000o\000n\000\040\000a\000n\000d\000\040\000a\000p\000p\000r\000o\000v\000a\000l\000\040\000U\000I}{section.5.5}% 93
\BOOKMARK [2][-]{subsection.5.5.6}{\376\377\000N\000o\000t\000i\000f\000i\000c\000a\000t\000i\000o\000n\000\040\000c\000e\000n\000t\000e\000r}{section.5.5}% 94
\BOOKMARK [1][-]{section.5.6}{\376\377\000C\000o\000n\000c\000l\000u\000s\000i\000o\000n}{chapter.5}% 95
\BOOKMARK [0][-]{chapter.6}{\376\377\000S\000p\000r\000i\000n\000t\000\040\0003\000:\000\040\000E\000v\000a\000l\000u\000a\000t\000i\000o\000n\000,\000\040\000H\000R\000\040\000d\000e\000c\000i\000s\000i\000o\000n\000s\000\040\000a\000n\000d\000\040\000c\000a\000r\000e\000e\000r\000\040\000d\000e\000v\000e\000l\000o\000p\000m\000e\000n\000t}{}% 96
\BOOKMARK [1][-]{section.6.1}{\376\377\000I\000n\000t\000r\000o\000d\000u\000c\000t\000i\000o\000n}{chapter.6}% 97
\BOOKMARK [1][-]{section.6.2}{\376\377\000F\000u\000n\000c\000t\000i\000o\000n\000a\000l\000i\000t\000y\000\040\000o\000v\000e\000r\000v\000i\000e\000w}{chapter.6}% 98
\BOOKMARK [1][-]{section.6.3}{\376\377\000F\000u\000n\000c\000t\000i\000o\000n\000a\000l\000\040\000s\000p\000e\000c\000i\000f\000i\000c\000a\000t\000i\000o\000n\000s}{chapter.6}% 99
\BOOKMARK [2][-]{subsection.6.3.1}{\376\377\000S\000p\000r\000i\000n\000t\000\040\000b\000a\000c\000k\000l\000o\000g}{section.6.3}% 100
\BOOKMARK [2][-]{subsection.6.3.2}{\376\377\000U\000s\000e\000\040\000c\000a\000s\000e\000\040\000d\000i\000a\000g\000r\000a\000m}{section.6.3}% 101
\BOOKMARK [2][-]{subsection.6.3.3}{\376\377\000S\000e\000q\000u\000e\000n\000c\000e\000\040\000d\000i\000a\000g\000r\000a\000m}{section.6.3}% 102
\BOOKMARK [2][-]{subsection.6.3.4}{\376\377\000D\000o\000c\000u\000m\000e\000n\000t\000\040\000m\000o\000d\000e\000l\000\040\000d\000i\000a\000g\000r\000a\000m}{section.6.3}% 103
\BOOKMARK [1][-]{section.6.4}{\376\377\000T\000e\000c\000h\000n\000i\000c\000a\000l\000\040\000s\000p\000e\000c\000i\000f\000i\000c\000a\000t\000i\000o\000n\000s}{chapter.6}% 104
\BOOKMARK [2][-]{subsection.6.4.1}{\376\377\000S\000c\000o\000r\000e\000\040\000c\000a\000l\000c\000u\000l\000a\000t\000i\000o\000n\000\040\000s\000e\000r\000v\000i\000c\000e}{section.6.4}% 105
\BOOKMARK [2][-]{subsection.6.4.2}{\376\377\000C\000o\000n\000s\000i\000s\000t\000e\000n\000c\000y\000-\000w\000a\000r\000n\000i\000n\000g\000\040\000a\000n\000d\000\040\000e\000v\000i\000d\000e\000n\000c\000e\000-\000s\000u\000m\000m\000a\000r\000y\000\040\000l\000o\000g\000i\000c}{section.6.4}% 106
\BOOKMARK [2][-]{subsection.6.4.3}{\376\377\000P\000D\000F\000\040\000e\000x\000p\000o\000r\000t\000\040\000a\000n\000d\000\040\000a\000n\000a\000l\000y\000t\000i\000c\000s\000\040\000d\000a\000s\000h\000b\000o\000a\000r\000d}{section.6.4}% 107
\BOOKMARK [2][-]{subsection.6.4.4}{\376\377\0003\0006\0000\000-\000d\000e\000g\000r\000e\000e\000\040\000f\000e\000e\000d\000b\000a\000c\000k\000\040\000v\000i\000s\000i\000b\000i\000l\000i\000t\000y\000\040\000r\000u\000l\000e\000s}{section.6.4}% 108
\BOOKMARK [2][-]{subsection.6.4.5}{\376\377\000M\000e\000e\000t\000i\000n\000g\000\040\000s\000c\000h\000e\000d\000u\000l\000i\000n\000g\000\040\000a\000n\000d\000\040\000c\000a\000l\000e\000n\000d\000a\000r\000\040\000s\000y\000n\000c}{section.6.4}% 109
\BOOKMARK [1][-]{section.6.5}{\376\377\000B\000u\000i\000l\000d\000\040\000p\000h\000a\000s\000e}{chapter.6}% 110
\BOOKMARK [2][-]{subsection.6.5.1}{\376\377\000F\000i\000n\000a\000l\000\040\000e\000v\000a\000l\000u\000a\000t\000i\000o\000n\000\040\000s\000c\000o\000r\000i\000n\000g\000\040\000i\000n\000t\000e\000r\000f\000a\000c\000e}{section.6.5}% 111
\BOOKMARK [2][-]{subsection.6.5.2}{\376\377\000H\000R\000\040\000d\000e\000c\000i\000s\000i\000o\000n\000\040\000a\000n\000d\000\040\000b\000o\000n\000u\000s\000/\000p\000e\000n\000a\000l\000t\000y\000\040\000w\000o\000r\000k\000f\000l\000o\000w}{section.6.5}% 112
\BOOKMARK [2][-]{subsection.6.5.3}{\376\377\000C\000a\000r\000e\000e\000r\000\040\000p\000a\000t\000h\000\040\000a\000n\000d\000\040\000c\000o\000m\000p\000e\000t\000e\000n\000c\000y\000\040\000g\000a\000p\000\040\000v\000i\000e\000w}{section.6.5}% 113
\BOOKMARK [2][-]{subsection.6.5.4}{\376\377\0003\0006\0000\000-\000d\000e\000g\000r\000e\000e\000\040\000f\000e\000e\000d\000b\000a\000c\000k\000\040\000a\000n\000d\000\040\000m\000e\000e\000t\000i\000n\000g\000\040\000s\000c\000h\000e\000d\000u\000l\000i\000n\000g}{section.6.5}% 114
\BOOKMARK [2][-]{subsection.6.5.5}{\376\377\000A\000n\000a\000l\000y\000t\000i\000c\000s\000\040\000d\000a\000s\000h\000b\000o\000a\000r\000d\000\040\000a\000n\000d\000\040\000P\000D\000F\000\040\000e\000x\000p\000o\000r\000t}{section.6.5}% 115
\BOOKMARK [1][-]{section.6.6}{\376\377\000C\000o\000n\000c\000l\000u\000s\000i\000o\000n}{chapter.6}% 116
\BOOKMARK [0][-]{chapter.7}{\376\377\000S\000p\000r\000i\000n\000t\000\040\0004\000:\000\040\000A\000I\000\040\000f\000e\000a\000t\000u\000r\000e\000s}{}% 117
\BOOKMARK [1][-]{section.7.1}{\376\377\000I\000n\000t\000r\000o\000d\000u\000c\000t\000i\000o\000n}{chapter.7}% 118
\BOOKMARK [1][-]{section.7.2}{\376\377\000F\000u\000n\000c\000t\000i\000o\000n\000a\000l\000i\000t\000y\000\040\000o\000v\000e\000r\000v\000i\000e\000w}{chapter.7}% 119
\BOOKMARK [1][-]{section.7.3}{\376\377\000F\000u\000n\000c\000t\000i\000o\000n\000a\000l\000\040\000s\000p\000e\000c\000i\000f\000i\000c\000a\000t\000i\000o\000n\000s}{chapter.7}% 120
\BOOKMARK [2][-]{subsection.7.3.1}{\376\377\000S\000p\000r\000i\000n\000t\000\040\000b\000a\000c\000k\000l\000o\000g}{section.7.3}% 121
\BOOKMARK [2][-]{subsection.7.3.2}{\376\377\000U\000s\000e\000\040\000c\000a\000s\000e\000\040\000d\000i\000a\000g\000r\000a\000m}{section.7.3}% 122
\BOOKMARK [2][-]{subsection.7.3.3}{\376\377\000D\000o\000c\000u\000m\000e\000n\000t\000/\000c\000l\000a\000s\000s\000\040\000m\000o\000d\000e\000l\000\040\000d\000i\000a\000g\000r\000a\000m}{section.7.3}% 123
\BOOKMARK [1][-]{section.7.4}{\376\377\000T\000e\000c\000h\000n\000i\000c\000a\000l\000\040\000s\000p\000e\000c\000i\000f\000i\000c\000a\000t\000i\000o\000n\000s}{chapter.7}% 124
\BOOKMARK [2][-]{subsection.7.4.1}{\376\377\000P\000r\000o\000v\000i\000d\000e\000r\000-\000a\000g\000n\000o\000s\000t\000i\000c\000\040\000A\000I\000\040\000a\000d\000a\000p\000t\000e\000r}{section.7.4}% 125
\BOOKMARK [2][-]{subsection.7.4.2}{\376\377\000P\000r\000o\000m\000p\000t\000\040\000d\000e\000s\000i\000g\000n\000\040\000a\000n\000d\000\040\000J\000S\000O\000N\000-\000o\000u\000t\000p\000u\000t\000\040\000v\000a\000l\000i\000d\000a\000t\000i\000o\000n}{section.7.4}% 126
\BOOKMARK [2][-]{subsection.7.4.3}{\376\377\000F\000l\000a\000s\000k\000\040\000M\000L\000\040\000m\000i\000c\000r\000o\000s\000e\000r\000v\000i\000c\000e}{section.7.4}% 127
\BOOKMARK [2][-]{subsection.7.4.4}{\376\377\000s\000c\000i\000k\000i\000t\000-\000l\000e\000a\000r\000n\000\040\000/\000\040\000X\000G\000B\000o\000o\000s\000t\000\040\000m\000o\000d\000e\000l\000s}{section.7.4}% 128
\BOOKMARK [2][-]{subsection.7.4.5}{\376\377\000S\000y\000n\000t\000h\000e\000t\000i\000c\000\040\000d\000a\000t\000a\000s\000e\000t\000\040\000g\000e\000n\000e\000r\000a\000t\000i\000o\000n}{section.7.4}% 129
\BOOKMARK [1][-]{section.7.5}{\376\377\000B\000u\000i\000l\000d\000\040\000p\000h\000a\000s\000e}{chapter.7}% 130
\BOOKMARK [2][-]{subsection.7.5.1}{\376\377\000A\000I\000-\000a\000s\000s\000i\000s\000t\000e\000d\000\040\000o\000b\000j\000e\000c\000t\000i\000v\000e\000/\000K\000P\000I\000\040\000s\000u\000g\000g\000e\000s\000t\000i\000o\000n}{section.7.5}% 131
\BOOKMARK [2][-]{subsection.7.5.2}{\376\377\000A\000I\000-\000g\000e\000n\000e\000r\000a\000t\000e\000d\000\040\000r\000e\000v\000i\000e\000w\000\040\000d\000r\000a\000f\000t\000i\000n\000g}{section.7.5}% 132
\BOOKMARK [2][-]{subsection.7.5.3}{\376\377\000P\000e\000r\000f\000o\000r\000m\000a\000n\000c\000e\000\040\000p\000r\000e\000d\000i\000c\000t\000i\000o\000n\000\040\000d\000a\000s\000h\000b\000o\000a\000r\000d}{section.7.5}% 133
\BOOKMARK [1][-]{section.7.6}{\376\377\000C\000o\000n\000c\000l\000u\000s\000i\000o\000n}{chapter.7}% 134
\BOOKMARK [0][-]{chapter.8}{\376\377\000S\000p\000r\000i\000n\000t\000\040\0005\000:\000\040\000D\000e\000v\000O\000p\000s}{}% 135
\BOOKMARK [1][-]{section.8.1}{\376\377\000I\000n\000t\000r\000o\000d\000u\000c\000t\000i\000o\000n}{chapter.8}% 136
\BOOKMARK [1][-]{section.8.2}{\376\377\000F\000u\000n\000c\000t\000i\000o\000n\000a\000l\000\040\000s\000p\000e\000c\000i\000f\000i\000c\000a\000t\000i\000o\000n\000s}{chapter.8}% 137
\BOOKMARK [2][-]{subsection.8.2.1}{\376\377\000S\000p\000r\000i\000n\000t\000\040\000b\000a\000c\000k\000l\000o\000g}{section.8.2}% 138
\BOOKMARK [1][-]{section.8.3}{\376\377\000T\000e\000c\000h\000n\000i\000c\000a\000l\000\040\000s\000p\000e\000c\000i\000f\000i\000c\000a\000t\000i\000o\000n\000s}{chapter.8}% 139
\BOOKMARK [2][-]{subsection.8.3.1}{\376\377\000G\000i\000t\000H\000u\000b\000\040\000A\000c\000t\000i\000o\000n\000s}{section.8.3}% 140
\BOOKMARK [2][-]{subsection.8.3.2}{\376\377\000J\000e\000s\000t\000\040\000a\000n\000d\000\040\000S\000u\000p\000e\000r\000t\000e\000s\000t}{section.8.3}% 141
\BOOKMARK [2][-]{subsection.8.3.3}{\376\377\000G\000i\000t\000l\000e\000a\000k\000s}{section.8.3}% 142
\BOOKMARK [2][-]{subsection.8.3.4}{\376\377\000D\000o\000c\000k\000e\000r}{section.8.3}% 143
\BOOKMARK [2][-]{subsection.8.3.5}{\376\377\000T\000r\000i\000v\000y}{section.8.3}% 144
\BOOKMARK [2][-]{subsection.8.3.6}{\376\377\000K\000u\000b\000e\000r\000n\000e\000t\000e\000s\000\040\000a\000n\000d\000\040\000K\000u\000s\000t\000o\000m\000i\000z\000e}{section.8.3}% 145
\BOOKMARK [2][-]{subsection.8.3.7}{\376\377\000A\000r\000g\000o\000C\000D}{section.8.3}% 146
\BOOKMARK [1][-]{section.8.4}{\376\377\000B\000u\000i\000l\000d\000\040\000p\000h\000a\000s\000e}{chapter.8}% 147
\BOOKMARK [2][-]{subsection.8.4.1}{\376\377\000T\000e\000s\000t\000i\000n\000g\000\040\000a\000n\000d\000\040\000q\000u\000a\000l\000i\000t\000y\000\040\000g\000a\000t\000e\000s}{section.8.4}% 148
\BOOKMARK [2][-]{subsection.8.4.2}{\376\377\000C\000I\000/\000C\000D\000\040\000p\000i\000p\000e\000l\000i\000n\000e\000\040\000s\000t\000a\000g\000e\000s}{section.8.4}% 149
\BOOKMARK [2][-]{subsection.8.4.3}{\376\377\000I\000m\000a\000g\000e\000\040\000b\000u\000i\000l\000d\000\040\000a\000n\000d\000\040\000r\000e\000g\000i\000s\000t\000r\000y}{section.8.4}% 150
\BOOKMARK [2][-]{subsection.8.4.4}{\376\377\000K\000u\000b\000e\000r\000n\000e\000t\000e\000s\000\040\000d\000e\000p\000l\000o\000y\000m\000e\000n\000t\000\040\000a\000n\000d\000\040\000A\000r\000g\000o\000C\000D\000\040\000s\000y\000n\000c}{section.8.4}% 151
\BOOKMARK [2][-]{subsection.8.4.5}{\376\377\000E\000n\000v\000i\000r\000o\000n\000m\000e\000n\000t\000-\000s\000p\000e\000c\000i\000f\000i\000c\000\040\000d\000e\000l\000i\000v\000e\000r\000y}{section.8.4}% 152
\BOOKMARK [1][-]{section.8.5}{\376\377\000C\000o\000n\000c\000l\000u\000s\000i\000o\000n}{chapter.8}% 153
\BOOKMARK [0][-]{chapter*.82}{\376\377\000G\000e\000n\000e\000r\000a\000l\000\040\000c\000o\000n\000c\000l\000u\000s\000i\000o\000n\000\040\000a\000n\000d\000\040\000p\000e\000r\000s\000p\000e\000c\000t\000i\000v\000e\000s}{}% 154
